Initialized empty Git repository in /tmp/test-autofolio-portfolio/.git/
[master (root-commit) 0ee2a8f] Initial commit
 2 files changed, 4 insertions(+)
 create mode 100644 README.md
 create mode 100644 package.json
================================================================================
REALISTIC USER WORKFLOW TEST
Portfolio: /tmp/test-autofolio-portfolio
Project: https://github.com/aringadre76/faro-shuffle-demo
================================================================================

[1] Opening AutoFolio...

[2] Verifying page loaded...
   Title: Assistant
   Welcome message visible

[3] Finding and clicking settings...
   Clicked settings using: button:has(svg)
   Screenshot: test_initial.png

[4] Looking for portfolio path input in settings...
   Portfolio input not found in settings (may use different UI)
   Screenshot: test_settings.png

[5] Finding message input...
   Message input ready

[6] Entering project URL...
   Entered: https://github.com/aringadre76/faro-shuffle-demo

[7] Sending message...
   Pressed Enter

[8] Waiting for processing (up to 90 seconds)...
   Screenshot: test_processing.png

[9] Checking for config card...
   Config card not displayed
   Current state: 
    ReadmeToggle themeHi. I'm AutoFolio. Paste a GitHub repo URL or describe a project, and I'll extract metadata and add it to your portfolio. Set your portfolio path or portfolio URL in the settings (gear icon) first.LLMs can make mistakes. Check important info.
  

...

[13] Testing starter buttons...

[14] Final screenshot...
   Screenshot: test_final.png

================================================================================
TEST COMPLETE
================================================================================
